======================================================
 Sims CLI Game ΓÇö JUnit 5 Test Runner
======================================================

[1/2] Compiling source code...
[2/2] Compiling tests...
.\run-tests.bat : C:\Users\afifj\OneD
rive\Desktop\programming\code\SIMS\Si
ms-CLI-game\test\simcli\entities\acto
rs\ReproduceTest.java:117: error: 
cannot find symbol
At line:1 char:1
+ .\run-tests.bat > test_output.log 
2>&1
+ ~~~~~~~~~~~~~~~~~~~~~~~~~~~~~~~~~~~
~~~
    + CategoryInfo          : NotSpe 
   cified: (C:\Users\afifj\...not f  
  ind symbol:String) [], RemoteExc   
 eption
    + FullyQualifiedErrorId : Native 
   CommandError
 
            child = male.getRelations
hipManager().reproduce("TestBaby");
                                     
            ^
  symbol:   method reproduce(String)
  location: class RelationshipManager
C:\Users\afifj\OneDrive\Desktop\progr
amming\code\SIMS\Sims-CLI-game\test\s
imcli\entities\actors\ReproduceTest.j
ava:139: error: cannot find symbol
            Sim child = male.getRelat
ionshipManager().reproduce("TestBaby"
);
                                     
                ^
  symbol:   method reproduce(String)
  location: class RelationshipManager
C:\Users\afifj\OneDrive\Desktop\progr
amming\code\SIMS\Sims-CLI-game\test\s
imcli\entities\actors\ReproduceTest.j
ava:151: error: cannot find symbol
        assertThrows(SimulationExcept
ion.class, () -> male.getRelationship
Manager().reproduce("TestBaby"),
                                     
                                     
         ^
  symbol:   method reproduce(String)
  location: class RelationshipManager
C:\Users\afifj\OneDrive\Desktop\progr
amming\code\SIMS\Sims-CLI-game\test\s
imcli\entities\actors\ReproduceTest.j
ava:164: error: cannot find symbol
        assertThrows(SimulationExcept
ion.class, () -> male.getRelationship
Manager().reproduce("TestBaby"),
                                     
                                     
         ^
  symbol:   method reproduce(String)
  location: class RelationshipManager
C:\Users\afifj\OneDrive\Desktop\progr
amming\code\SIMS\Sims-CLI-game\test\s
imcli\entities\actors\ReproduceTest.j
ava:176: error: cannot find symbol
            child = male.getRelations
hipManager().reproduce("TestBaby");
                                     
            ^
  symbol:   method reproduce(String)
  location: class RelationshipManager
C:\Users\afifj\OneDrive\Desktop\progr
amming\code\SIMS\Sims-CLI-game\test\s
imcli\entities\actors\ReproduceTest.j
ava:193: error: cannot find symbol
            child = male.getRelations
hipManager().reproduce("TestBaby");
                                     
            ^
  symbol:   method reproduce(String)
  location: class RelationshipManager
6 errors

Running tests...
======================================================

Thanks for using JUnit! Support its development at https://junit.org/sponsoring


[WARNING] The office is closed on Saturdays! You cannot work on the weekend.
Spend the weekend socializing, studying, or upgrading your house.

Press ENTER to return...
[WARNING] The office is closed on Sundays! You cannot work on the weekend.
Spend the weekend socializing, studying, or upgrading your house.

Press ENTER to return...          __    __
         /  \ /| |'-.
        .\__/ || |   |
     _ /  `._ \|_|_.-'
    | /  \__.`=._) (_
    |/ ._/  |"""""""""|
    |'.  `\ |         |
    ;"""/ / |         |
     ) /_/| |.-------.|
    '  `-`' "         "   " Bob is working! "

Bob works a shift as a Software Engineer and earns $150!
?
?? JUnit Jupiter ?
?  ?? TimeManager ù Time Progression Logic Tests ?
?  ?  ?? advanceTicks(n) increments tick by exactly n ?
?  ?  ?? advanceTick() increments tick by exactly 1 ?
?  ?  ?? getFormattedTime() returns '14:00' at tick 14 ?
?  ?  ?? getCurrentDay() returns 2 when tick crosses 24 boundary ?
?  ?  ?? Sleep fast-forward actually lands at tick % 24 == 8 ?
?  ?  ?? getTimeOfDay() returns 'Afternoon' in second quarter ?
?  ?  ?? getTimeOfDay() returns 'Morning' in first quarter of day ?
?  ?  ?? Sleep from tick 20 (8 PM) advances exactly 12 ticks to 8 AM ?
?  ?  ?? getTimeOfDay() returns 'Night' in final quarter ?
?  ?  ?? Sleep from tick 0 (midnight) advances exactly 8 ticks to 8 AM ?
?  ?  ?? getCurrentDay() returns 1 on tick 1 ?
?  ?  ?? advanceTicks(0) does NOT change the tick ?
?  ?  ?? getFormattedTime() returns '05:00' at tick 5 ?
?  ?  ?? getTimeOfDay() returns 'Evening' in third quarter ?
?  ?  ?? getCurrentDay() returns 3 when tick crosses 48 boundary ?
?  ?  ?? Sleep from tick 8 (8 AM) advances a full 24 ticks ?
?  ?? E2E & Integration - Negative Testing Suite ?
?  ?  ?? Edge Case: Check House Info in a Commercial Location ? Cannot invoke "simcli.engine.GameEngine.getNpcManager()" because "this.engine" is null
?  ?  ?? Edge Case: Upgrade Room with $0 (Financial Boundary) ? Cannot invoke "simcli.engine.GameEngine.getNpcManager()" because "this.engine" is null
?  ?  ?? Edge Case: Try to Move Rooms inside a Supermarket (Non-Residential) ? Cannot invoke "simcli.engine.GameEngine.getNpcManager()" because "this.engine" is null
?  ?  ?? Edge Case: Travel to the exact location you are already standing in ? Cannot invoke "simcli.engine.GameEngine.getNpcManager()" because "this.engine" is null
?  ?  ?? Edge Case: Apply for a job you are too young for (Age Boundary) ? Cannot invoke "simcli.engine.GameEngine.getNpcManager()" because "this.engine" is null
?  ?  ?? Edge Case: Menu Bounds - Type invalid string characters and out of bounds ?
?  ?  ?  ?? [1] HELLO ? Cannot invoke "simcli.engine.GameEngine.getNpcManager()" because "this.engine" is null
?  ?  ?  ?? [2] -1 ? Cannot invoke "simcli.engine.GameEngine.getNpcManager()" because "this.engine" is null
?  ?  ?  ?? [3] 99 ? Cannot invoke "simcli.engine.GameEngine.getNpcManager()" because "this.engine" is null
?  ?  ?  ?? [4]  ? Cannot invoke "simcli.engine.GameEngine.getNpcManager()" because "this.engine" is null
?  ?  ?  ?? [5] null ? Cannot invoke "simcli.engine.GameEngine.getNpcManager()" because "this.engine" is null
?  ?  ?  ?? [6] DROP DATABASE; ? Cannot invoke "simcli.engine.GameEngine.getNpcManager()" because "this.engine" is null
?  ?  ?? Edge Case: Cancel an Overwork shift (State Validation) ? Cannot invoke "simcli.engine.GameEngine.getNpcManager()" because "this.engine" is null
?  ?? Command Pattern - WorkCommand & Weekend Checks ?
?     ?? Working on Saturday is blocked and returns NO_TICK ?
?     ?? Working on Sunday is blocked and returns NO_TICK ?
?     ?? Working on Monday advances ticks ?
?? JUnit Vintage ?
?? JUnit Platform Suite ?

Failures (12):
  JUnit Jupiter:E2E & Integration - Negative Testing Suite:Edge Case: Check House Info in a Commercial Location
    MethodSource [className = 'simcli.IntegrationTest', methodName = 'testHouseInfoInCommercialLocation', methodParameterTypes = '']
    => java.lang.NullPointerException: Cannot invoke "simcli.engine.GameEngine.getNpcManager()" because "this.engine" is null
       simcli.engine.WorldManager.setupWorld(WorldManager.java:79)
       simcli.IntegrationTest.setUp(IntegrationTest.java:54)
       java.base/java.lang.reflect.Method.invoke(Method.java:565)
       java.base/java.util.ArrayList.forEach(ArrayList.java:1604)
       java.base/java.util.ArrayList.forEach(ArrayList.java:1604)
  JUnit Jupiter:E2E & Integration - Negative Testing Suite:Edge Case: Upgrade Room with $0 (Financial Boundary)
    MethodSource [className = 'simcli.IntegrationTest', methodName = 'testUpgradeRoomWithoutMoney', methodParameterTypes = '']
    => java.lang.NullPointerException: Cannot invoke "simcli.engine.GameEngine.getNpcManager()" because "this.engine" is null
       simcli.engine.WorldManager.setupWorld(WorldManager.java:79)
       simcli.IntegrationTest.setUp(IntegrationTest.java:54)
       java.base/java.lang.reflect.Method.invoke(Method.java:565)
       java.base/java.util.ArrayList.forEach(ArrayList.java:1604)
       java.base/java.util.ArrayList.forEach(ArrayList.java:1604)
  JUnit Jupiter:E2E & Integration - Negative Testing Suite:Edge Case: Try to Move Rooms inside a Supermarket (Non-Residential)
    MethodSource [className = 'simcli.IntegrationTest', methodName = 'testMoveRoomInCommercialLocation', methodParameterTypes = '']
    => java.lang.NullPointerException: Cannot invoke "simcli.engine.GameEngine.getNpcManager()" because "this.engine" is null
       simcli.engine.WorldManager.setupWorld(WorldManager.java:79)
       simcli.IntegrationTest.setUp(IntegrationTest.java:54)
       java.base/java.lang.reflect.Method.invoke(Method.java:565)
       java.base/java.util.ArrayList.forEach(ArrayList.java:1604)
       java.base/java.util.ArrayList.forEach(ArrayList.java:1604)
  JUnit Jupiter:E2E & Integration - Negative Testing Suite:Edge Case: Travel to the exact location you are already standing in
    MethodSource [className = 'simcli.IntegrationTest', methodName = 'testTravelToCurrentLocation', methodParameterTypes = '']
    => java.lang.NullPointerException: Cannot invoke "simcli.engine.GameEngine.getNpcManager()" because "this.engine" is null
       simcli.engine.WorldManager.setupWorld(WorldManager.java:79)
       simcli.IntegrationTest.setUp(IntegrationTest.java:54)
       java.base/java.lang.reflect.Method.invoke(Method.java:565)
       java.base/java.util.ArrayList.forEach(ArrayList.java:1604)
       java.base/java.util.ArrayList.forEach(ArrayList.java:1604)
  JUnit Jupiter:E2E & Integration - Negative Testing Suite:Edge Case: Apply for a job you are too young for (Age Boundary)
    MethodSource [className = 'simcli.IntegrationTest', methodName = 'testUnderageJobApplication', methodParameterTypes = '']
    => java.lang.NullPointerException: Cannot invoke "simcli.engine.GameEngine.getNpcManager()" because "this.engine" is null
       simcli.engine.WorldManager.setupWorld(WorldManager.java:79)
       simcli.IntegrationTest.setUp(IntegrationTest.java:54)
       java.base/java.lang.reflect.Method.invoke(Method.java:565)
       java.base/java.util.ArrayList.forEach(ArrayList.java:1604)
       java.base/java.util.ArrayList.forEach(ArrayList.java:1604)
  JUnit Jupiter:E2E & Integration - Negative Testing Suite:Edge Case: Menu Bounds - Type invalid string characters and out of bounds:[1] HELLO
    MethodSource [className = 'simcli.IntegrationTest', methodName = 'testCommandMenuRejectsInvalidStringBugs', methodParameterTypes = 'java.lang.String']
    => java.lang.NullPointerException: Cannot invoke "simcli.engine.GameEngine.getNpcManager()" because "this.engine" is null
       simcli.engine.WorldManager.setupWorld(WorldManager.java:79)
       simcli.IntegrationTest.setUp(IntegrationTest.java:54)
       java.base/java.lang.reflect.Method.invoke(Method.java:565)
       java.base/java.util.stream.ForEachOps$ForEachOp$OfRef.accept(ForEachOps.java:186)
       java.base/java.util.stream.ReferencePipeline$3$1.accept(ReferencePipeline.java:214)
       java.base/java.util.stream.ReferencePipeline$2$1.accept(ReferencePipeline.java:197)
       java.base/java.util.stream.ReferencePipeline$3$1.accept(ReferencePipeline.java:214)
       java.base/java.util.stream.ForEachOps$ForEachOp$OfRef.accept(ForEachOps.java:186)
       java.base/java.util.stream.ReferencePipeline$3$1.accept(ReferencePipeline.java:214)
       java.base/java.util.stream.ReferencePipeline$3$1.accept(ReferencePipeline.java:214)
       [...]
  JUnit Jupiter:E2E & Integration - Negative Testing Suite:Edge Case: Menu Bounds - Type invalid string characters and out of bounds:[2] -1
    MethodSource [className = 'simcli.IntegrationTest', methodName = 'testCommandMenuRejectsInvalidStringBugs', methodParameterTypes = 'java.lang.String']
    => java.lang.NullPointerException: Cannot invoke "simcli.engine.GameEngine.getNpcManager()" because "this.engine" is null
       simcli.engine.WorldManager.setupWorld(WorldManager.java:79)
       simcli.IntegrationTest.setUp(IntegrationTest.java:54)
       java.base/java.lang.reflect.Method.invoke(Method.java:565)
       java.base/java.util.stream.ForEachOps$ForEachOp$OfRef.accept(ForEachOps.java:186)
       java.base/java.util.stream.ReferencePipeline$3$1.accept(ReferencePipeline.java:214)
       java.base/java.util.stream.ReferencePipeline$2$1.accept(ReferencePipeline.java:197)
       java.base/java.util.stream.ReferencePipeline$3$1.accept(ReferencePipeline.java:214)
       java.base/java.util.stream.ForEachOps$ForEachOp$OfRef.accept(ForEachOps.java:186)
       java.base/java.util.stream.ReferencePipeline$3$1.accept(ReferencePipeline.java:214)
       java.base/java.util.stream.ReferencePipeline$3$1.accept(ReferencePipeline.java:214)
       [...]
  JUnit Jupiter:E2E & Integration - Negative Testing Suite:Edge Case: Menu Bounds - Type invalid string characters and out of bounds:[3] 99
    MethodSource [className = 'simcli.IntegrationTest', methodName = 'testCommandMenuRejectsInvalidStringBugs', methodParameterTypes = 'java.lang.String']
    => java.lang.NullPointerException: Cannot invoke "simcli.engine.GameEngine.getNpcManager()" because "this.engine" is null
       simcli.engine.WorldManager.setupWorld(WorldManager.java:79)
       simcli.IntegrationTest.setUp(IntegrationTest.java:54)
       java.base/java.lang.reflect.Method.invoke(Method.java:565)
       java.base/java.util.stream.ForEachOps$ForEachOp$OfRef.accept(ForEachOps.java:186)
       java.base/java.util.stream.ReferencePipeline$3$1.accept(ReferencePipeline.java:214)
       java.base/java.util.stream.ReferencePipeline$2$1.accept(ReferencePipeline.java:197)
       java.base/java.util.stream.ReferencePipeline$3$1.accept(ReferencePipeline.java:214)
       java.base/java.util.stream.ForEachOps$ForEachOp$OfRef.accept(ForEachOps.java:186)
       java.base/java.util.stream.ReferencePipeline$3$1.accept(ReferencePipeline.java:214)
       java.base/java.util.stream.ReferencePipeline$3$1.accept(ReferencePipeline.java:214)
       [...]
  JUnit Jupiter:E2E & Integration - Negative Testing Suite:Edge Case: Menu Bounds - Type invalid string characters and out of bounds:[4] 
    MethodSource [className = 'simcli.IntegrationTest', methodName = 'testCommandMenuRejectsInvalidStringBugs', methodParameterTypes = 'java.lang.String']
    => java.lang.NullPointerException: Cannot invoke "simcli.engine.GameEngine.getNpcManager()" because "this.engine" is null
       simcli.engine.WorldManager.setupWorld(WorldManager.java:79)
       simcli.IntegrationTest.setUp(IntegrationTest.java:54)
       java.base/java.lang.reflect.Method.invoke(Method.java:565)
       java.base/java.util.stream.ForEachOps$ForEachOp$OfRef.accept(ForEachOps.java:186)
       java.base/java.util.stream.ReferencePipeline$3$1.accept(ReferencePipeline.java:214)
       java.base/java.util.stream.ReferencePipeline$2$1.accept(ReferencePipeline.java:197)
       java.base/java.util.stream.ReferencePipeline$3$1.accept(ReferencePipeline.java:214)
       java.base/java.util.stream.ForEachOps$ForEachOp$OfRef.accept(ForEachOps.java:186)
       java.base/java.util.stream.ReferencePipeline$3$1.accept(ReferencePipeline.java:214)
       java.base/java.util.stream.ReferencePipeline$3$1.accept(ReferencePipeline.java:214)
       [...]
  JUnit Jupiter:E2E & Integration - Negative Testing Suite:Edge Case: Menu Bounds - Type invalid string characters and out of bounds:[5] null
    MethodSource [className = 'simcli.IntegrationTest', methodName = 'testCommandMenuRejectsInvalidStringBugs', methodParameterTypes = 'java.lang.String']
    => java.lang.NullPointerException: Cannot invoke "simcli.engine.GameEngine.getNpcManager()" because "this.engine" is null
       simcli.engine.WorldManager.setupWorld(WorldManager.java:79)
       simcli.IntegrationTest.setUp(IntegrationTest.java:54)
       java.base/java.lang.reflect.Method.invoke(Method.java:565)
       java.base/java.util.stream.ForEachOps$ForEachOp$OfRef.accept(ForEachOps.java:186)
       java.base/java.util.stream.ReferencePipeline$3$1.accept(ReferencePipeline.java:214)
       java.base/java.util.stream.ReferencePipeline$2$1.accept(ReferencePipeline.java:197)
       java.base/java.util.stream.ReferencePipeline$3$1.accept(ReferencePipeline.java:214)
       java.base/java.util.stream.ForEachOps$ForEachOp$OfRef.accept(ForEachOps.java:186)
       java.base/java.util.stream.ReferencePipeline$3$1.accept(ReferencePipeline.java:214)
       java.base/java.util.stream.ReferencePipeline$3$1.accept(ReferencePipeline.java:214)
       [...]
  JUnit Jupiter:E2E & Integration - Negative Testing Suite:Edge Case: Menu Bounds - Type invalid string characters and out of bounds:[6] DROP DATABASE;
    MethodSource [className = 'simcli.IntegrationTest', methodName = 'testCommandMenuRejectsInvalidStringBugs', methodParameterTypes = 'java.lang.String']
    => java.lang.NullPointerException: Cannot invoke "simcli.engine.GameEngine.getNpcManager()" because "this.engine" is null
       simcli.engine.WorldManager.setupWorld(WorldManager.java:79)
       simcli.IntegrationTest.setUp(IntegrationTest.java:54)
       java.base/java.lang.reflect.Method.invoke(Method.java:565)
       java.base/java.util.stream.ForEachOps$ForEachOp$OfRef.accept(ForEachOps.java:186)
       java.base/java.util.stream.ReferencePipeline$3$1.accept(ReferencePipeline.java:214)
       java.base/java.util.stream.ReferencePipeline$2$1.accept(ReferencePipeline.java:197)
       java.base/java.util.stream.ReferencePipeline$3$1.accept(ReferencePipeline.java:214)
       java.base/java.util.stream.ForEachOps$ForEachOp$OfRef.accept(ForEachOps.java:186)
       java.base/java.util.stream.ReferencePipeline$3$1.accept(ReferencePipeline.java:214)
       java.base/java.util.stream.ReferencePipeline$3$1.accept(ReferencePipeline.java:214)
       [...]
  JUnit Jupiter:E2E & Integration - Negative Testing Suite:Edge Case: Cancel an Overwork shift (State Validation)
    MethodSource [className = 'simcli.IntegrationTest', methodName = 'testCancelOverworkMaintainsState', methodParameterTypes = '']
    => java.lang.NullPointerException: Cannot invoke "simcli.engine.GameEngine.getNpcManager()" because "this.engine" is null
       simcli.engine.WorldManager.setupWorld(WorldManager.java:79)
       simcli.IntegrationTest.setUp(IntegrationTest.java:54)
       java.base/java.lang.reflect.Method.invoke(Method.java:565)
       java.base/java.util.ArrayList.forEach(ArrayList.java:1604)
       java.base/java.util.ArrayList.forEach(ArrayList.java:1604)

Test run finished after 774 ms
[         7 containers found      ]
[         0 containers skipped    ]
[         7 containers started    ]
[         0 containers aborted    ]
[         7 containers successful ]
[         0 containers failed     ]
[        31 tests found           ]
[         0 tests skipped         ]
[        31 tests started         ]
[         0 tests aborted         ]
[        19 tests successful      ]
[        12 tests failed          ]


WARNING: Delegated to the 'execute' 
command.
         This behaviour has been 
deprecated and will be removed in a 
future release.
         Please use the 'execute' 
command directly.
